
[38;5;59m[0m[38;5;209mTest runner[0m
[38;5;188m    [38;5;209m- [0mexecute [38;5;74mrun build[38;5;188m to generate mdv output for all ".md" files within this
      folder.[0m
[38;5;188m    [38;5;209m- [0mcommit[0m
[38;5;188m    [38;5;209m- [0mtravis will execute [38;5;74mrun[38;5;188m to diff the current mdv output with the expected
      results[0m


